******************************************************************************
            TI ARM Clang Linker Unix v4.0.4                    
******************************************************************************
>> Linked Wed Apr  8 17:54:09 2026

OUTPUT FILE NAME:   <Simon.out>
ENTRY POINT SYMBOL: "_c_int00_noargs"  address: 000008b1


MEMORY CONFIGURATION

         name            origin    length      used     unused   attr    fill
----------------------  --------  ---------  --------  --------  ----  --------
  FLASH                 00000000   00020000  00000bb0  0001f450  R  X
  SRAM                  20200000   00008000  00000211  00007def  RW X
  BCR_CONFIG            41c00000   00000080  00000000  00000080  R   
  BSL_CONFIG            41c00100   00000080  00000000  00000080  R   


SEGMENT ALLOCATION MAP

run origin  load origin   length   init length attrs members
----------  ----------- ---------- ----------- ----- -------
00000000    00000000    00000bb0   00000bb0    r-x
  00000000    00000000    000000c0   000000c0    r-- .intvecs
  000000c0    000000c0    000008f8   000008f8    r-x .text
  000009b8    000009b8    000001e0   000001e0    r-- .rodata
  00000b98    00000b98    00000018   00000018    r-- .cinit
20200000    20200000    00000011   00000000    rw-
  20200000    20200000    00000011   00000000    rw- .bss
20207e00    20207e00    00000200   00000000    rw-
  20207e00    20207e00    00000200   00000000    rw- .stack


SECTION ALLOCATION MAP

 output                                  attributes/
section   page    origin      length       input sections
--------  ----  ----------  ----------   ----------------
.intvecs   0    00000000    000000c0     
                  00000000    000000c0     startup_mspm0g350x_ticlang.o (.intvecs)

.text      0    000000c0    000008f8     
                  000000c0    00000338     state_machine_logic.o (.text.GetNextState)
                  000003f8    00000150     simon.o (.text.main)
                  00000548    00000088     buzzer.o (.text.InitializeBuzzer)
                  000005d0    00000084     leds.o (.text.InitializeLEDInterface)
                  00000654    00000064     leds.o (.text.SPI0_IRQHandler)
                  000006b8    00000056     libclang_rt.builtins.a : aeabi_idivmod.S.obj (.text.__aeabi_idivmod)
                  0000070e    00000002     startup_mspm0g350x_ticlang.o (.text.Default_Handler)
                  00000710    00000050     timing.o (.text.InitializeTimerG0)
                  00000760    00000050     leds.o (.text.SendSPIMessage)
                  000007b0    00000048     radom.o (.text.srand)
                  000007f8    00000040     buttons.o (.text.InitializeButtonGPIO)
                  00000838    0000003c     radom.o (.text.rand)
                  00000874    0000003c     libc.a : autoinit.c.obj (.text:__TI_auto_init_nobinit_nopinit)
                  000008b0    00000028            : boot_cortex_m.c.obj (.text:_c_int00_noargs)
                  000008d8    0000001c     timing.o (.text.EnableTimerG0)
                  000008f4    00000018     state_machine_logic.o (.text.SetBuzzerState)
                  0000090c    00000018     timing.o (.text.TIMG0_IRQHandler)
                  00000924    00000016     libc.a : copy_zero_init.c.obj (.text:decompress:ZI:__TI_zero_init_nomemset)
                  0000093a    00000012            : memcpy16.S.obj (.text:TI_memcpy_small)
                  0000094c    00000010     buzzer.o (.text.DisableBuzzer)
                  0000095c    00000010     buzzer.o (.text.EnableBuzzer)
                  0000096c    00000010     buzzer.o (.text.SetBuzzerPeriod)
                  0000097c    0000000c     timing.o (.text.SetTimerG0Delay)
                  00000988    0000000a     delay.o (.text.delay_cycles)
                  00000992    00000008     state_machine_logic.o (.text.InitAnimation)
                  0000099a    00000002     libclang_rt.builtins.a : aeabi_div0.c.obj (.text.__aeabi_idiv0)
                  0000099c    00000008                            : aeabi_memcpy.S.obj (.text.__aeabi_memcpy)
                  000009a4    00000006     libc.a : exit.c.obj (.text:abort)
                  000009aa    00000004     libsysbm.a : hostexit.c.obj (.text.HOSTexit)
                  000009ae    00000004     startup_mspm0g350x_ticlang.o (.text.Reset_Handler)
                  000009b2    00000004     libc.a : pre_init.c.obj (.text._system_pre_init)
                  000009b6    00000002     --HOLE-- [fill = 0]

.cinit     0    00000b98    00000018     
                  00000b98    00000008     (.cinit..bss.load) [load image, compression = zero_init]
                  00000ba0    00000004     (__TI_handler_table)
                  00000ba4    00000008     (__TI_cinit_table)
                  00000bac    00000004     --HOLE-- [fill = 0]

.rodata    0    000009b8    000001e0     
                  000009b8    00000060     music.o (.rodata.boot_animation)
                  00000a18    00000060     colors.o (.rodata.led_single)
                  00000a78    00000048     music.o (.rodata.win_animation)
                  00000ac0    00000024     music.o (.rodata.lose_animation)
                  00000ae4    00000018     colors.o (.rodata.leds_all_on)
                  00000afc    00000018     colors.o (.rodata.leds_off)
                  00000b14    00000018     colors.o (.rodata.leds_pair_01)
                  00000b2c    00000018     colors.o (.rodata.leds_pair_02)
                  00000b44    00000018     colors.o (.rodata.leds_pair_13)
                  00000b5c    00000018     colors.o (.rodata.leds_pair_23)
                  00000b74    00000010     state_machine_logic.o (.rodata.cst16)
                  00000b84    00000008     state_machine_logic.o (.rodata.cst8)
                  00000b8c    00000004     music.o (.rodata.boot_animation_length)
                  00000b90    00000004     music.o (.rodata.lose_animation_length)
                  00000b94    00000004     music.o (.rodata.win_animation_length)

.init_array 
*          0    00000000    00000000     UNINITIALIZED

.binit     0    00000000    00000000     

.bss       0    20200000    00000011     UNINITIALIZED
                  20200000    00000004     (.common:spi_message)
                  20200004    00000004     (.common:spi_message_idx)
                  20200008    00000004     (.common:spi_message_len)
                  2020000c    00000002     (.common:lfsr)
                  2020000e    00000001     (.common:spi_transmission_in_progress)
                  2020000f    00000001     (.common:spi_wakeup)
                  20200010    00000001     (.common:timer_wakeup)

.stack     0    20207e00    00000200     UNINITIALIZED
                  20207e00    00000004     libc.a : boot_cortex_m.c.obj (.stack)
                  20207e04    000001fc     --HOLE--

__llvm_prf_cnts 
*          0    20200000    00000000     UNINITIALIZED

__llvm_prf_bits 
*          0    20200000    00000000     UNINITIALIZED

MODULE SUMMARY

       Module                         code   ro data   rw data
       ------                         ----   -------   -------
    ./
       state_machine_logic.o          856    24        0      
       simon.o                        336    0         0      
       leds.o                         312    0         14     
       colors.o                       0      240       0      
       music.o                        0      216       0      
       startup_mspm0g350x_ticlang.o   6      192       0      
       buzzer.o                       184    0         0      
       timing.o                       144    0         1      
       radom.o                        132    0         2      
       buttons.o                      64     0         0      
       delay.o                        10     0         0      
    +--+------------------------------+------+---------+---------+
       Total:                         2044   672       17     
                                                              
    /Applications/ti/ccs2040/ccs/tools/compiler/ti-cgt-armllvm_4.0.4.LTS/lib/armv6m-ti-none-eabi/c/libc.a
       autoinit.c.obj                 60     0         0      
       boot_cortex_m.c.obj            40     0         0      
       copy_zero_init.c.obj           22     0         0      
       memcpy16.S.obj                 18     0         0      
       exit.c.obj                     6      0         0      
       pre_init.c.obj                 4      0         0      
    +--+------------------------------+------+---------+---------+
       Total:                         150    0         0      
                                                              
    /Applications/ti/ccs2040/ccs/tools/compiler/ti-cgt-armllvm_4.0.4.LTS/lib/armv6m-ti-none-eabi/c/libsysbm.a
       hostexit.c.obj                 4      0         0      
    +--+------------------------------+------+---------+---------+
       Total:                         4      0         0      
                                                              
    /Applications/ti/ccs2040/ccs/tools/compiler/ti-cgt-armllvm_4.0.4.LTS/lib/armv6m-ti-none-eabi/libclang_rt.builtins.a
       aeabi_idivmod.S.obj            86     0         0      
       aeabi_memcpy.S.obj             8      0         0      
       aeabi_div0.c.obj               2      0         0      
    +--+------------------------------+------+---------+---------+
       Total:                         96     0         0      
                                                              
       Stack:                         0      0         512    
       Linker Generated:              0      20        0      
    +--+------------------------------+------+---------+---------+
       Grand Total:                   2294   692       529    


LINKER GENERATED COPY TABLES

__TI_cinit_table @ 00000ba4 records: 1, size/record: 8, table size: 8
	.bss: load addr=00000b98, load size=00000008 bytes, run addr=20200000, run size=00000011 bytes, compression=zero_init


LINKER GENERATED HANDLER TABLE

__TI_handler_table @ 00000ba0 records: 1, size/record: 4, table size: 4
	index: 0, handler: __TI_zero_init


GLOBAL SYMBOLS: SORTED ALPHABETICALLY BY Name 

address   name                          
-------   ----                          
0000070f  ADC0_IRQHandler               
0000070f  ADC1_IRQHandler               
0000070f  AES_IRQHandler                
000009aa  C$$EXIT                       
0000070f  CANFD0_IRQHandler             
0000070f  DAC0_IRQHandler               
0000070f  DMA_IRQHandler                
0000070f  Default_Handler               
0000094d  DisableBuzzer                 
0000095d  EnableBuzzer                  
000008d9  EnableTimerG0                 
0000070f  GROUP0_IRQHandler             
0000070f  GROUP1_IRQHandler             
000000c1  GetNextState                  
000009ab  HOSTexit                      
0000070f  HardFault_Handler             
0000070f  I2C0_IRQHandler               
0000070f  I2C1_IRQHandler               
00000993  InitAnimation                 
000007f9  InitializeButtonGPIO          
00000549  InitializeBuzzer              
000005d1  InitializeLEDInterface        
00000711  InitializeTimerG0             
0000070f  NMI_Handler                   
0000070f  PendSV_Handler                
0000070f  RTC_IRQHandler                
000009af  Reset_Handler                 
00000655  SPI0_IRQHandler               
0000070f  SPI1_IRQHandler               
0000070f  SVC_Handler                   
00000761  SendSPIMessage                
0000096d  SetBuzzerPeriod               
000008f5  SetBuzzerState                
0000097d  SetTimerG0Delay               
0000070f  SysTick_Handler               
0000070f  TIMA0_IRQHandler              
0000070f  TIMA1_IRQHandler              
0000090d  TIMG0_IRQHandler              
0000070f  TIMG12_IRQHandler             
0000070f  TIMG6_IRQHandler              
0000070f  TIMG7_IRQHandler              
0000070f  TIMG8_IRQHandler              
0000093b  TI_memcpy_small               
0000070f  UART0_IRQHandler              
0000070f  UART1_IRQHandler              
0000070f  UART2_IRQHandler              
0000070f  UART3_IRQHandler              
20208000  __STACK_END                   
00000200  __STACK_SIZE                  
00000000  __TI_ATRegion0_region_sz      
00000000  __TI_ATRegion0_src_addr       
00000000  __TI_ATRegion0_trg_addr       
00000000  __TI_ATRegion1_region_sz      
00000000  __TI_ATRegion1_src_addr       
00000000  __TI_ATRegion1_trg_addr       
00000000  __TI_ATRegion2_region_sz      
00000000  __TI_ATRegion2_src_addr       
00000000  __TI_ATRegion2_trg_addr       
00000ba4  __TI_CINIT_Base               
00000bac  __TI_CINIT_Limit              
00000bac  __TI_CINIT_Warm               
00000ba0  __TI_Handler_Table_Base       
00000ba4  __TI_Handler_Table_Limit      
00000875  __TI_auto_init_nobinit_nopinit
ffffffff  __TI_pprof_out_hndl           
ffffffff  __TI_prof_data_size           
ffffffff  __TI_prof_data_start          
00000000  __TI_static_base__            
00000925  __TI_zero_init_nomemset       
000006b9  __aeabi_idiv                  
0000099b  __aeabi_idiv0                 
000006b9  __aeabi_idivmod               
0000099d  __aeabi_memcpy                
0000099d  __aeabi_memcpy4               
0000099d  __aeabi_memcpy8               
ffffffff  __binit__                     
UNDEFED   __mpu_init                    
20207e00  __stack                       
20200000  __start___llvm_prf_bits       
20200000  __start___llvm_prf_cnts       
20200000  __stop___llvm_prf_bits        
20200000  __stop___llvm_prf_cnts        
000008b1  _c_int00_noargs               
UNDEFED   _system_post_cinit            
000009b3  _system_pre_init              
000009a5  abort                         
ffffffff  binit                         
000009b8  boot_animation                
00000b8c  boot_animation_length         
00000989  delay_cycles                  
00000000  interruptVectors              
00000a18  led_single                    
00000ae4  leds_all_on                   
00000afc  leds_off                      
00000b14  leds_pair_01                  
00000b2c  leds_pair_02                  
00000b44  leds_pair_13                  
00000b5c  leds_pair_23                  
2020000c  lfsr                          
00000ac0  lose_animation                
00000b90  lose_animation_length         
000003f9  main                          
00000839  rand                          
20200000  spi_message                   
20200004  spi_message_idx               
20200008  spi_message_len               
2020000e  spi_transmission_in_progress  
2020000f  spi_wakeup                    
000007b1  srand                         
20200010  timer_wakeup                  
00000a78  win_animation                 
00000b94  win_animation_length          


GLOBAL SYMBOLS: SORTED BY Symbol Address 

address   name                          
-------   ----                          
00000000  __TI_ATRegion0_region_sz      
00000000  __TI_ATRegion0_src_addr       
00000000  __TI_ATRegion0_trg_addr       
00000000  __TI_ATRegion1_region_sz      
00000000  __TI_ATRegion1_src_addr       
00000000  __TI_ATRegion1_trg_addr       
00000000  __TI_ATRegion2_region_sz      
00000000  __TI_ATRegion2_src_addr       
00000000  __TI_ATRegion2_trg_addr       
00000000  __TI_static_base__            
00000000  interruptVectors              
000000c1  GetNextState                  
00000200  __STACK_SIZE                  
000003f9  main                          
00000549  InitializeBuzzer              
000005d1  InitializeLEDInterface        
00000655  SPI0_IRQHandler               
000006b9  __aeabi_idiv                  
000006b9  __aeabi_idivmod               
0000070f  ADC0_IRQHandler               
0000070f  ADC1_IRQHandler               
0000070f  AES_IRQHandler                
0000070f  CANFD0_IRQHandler             
0000070f  DAC0_IRQHandler               
0000070f  DMA_IRQHandler                
0000070f  Default_Handler               
0000070f  GROUP0_IRQHandler             
0000070f  GROUP1_IRQHandler             
0000070f  HardFault_Handler             
0000070f  I2C0_IRQHandler               
0000070f  I2C1_IRQHandler               
0000070f  NMI_Handler                   
0000070f  PendSV_Handler                
0000070f  RTC_IRQHandler                
0000070f  SPI1_IRQHandler               
0000070f  SVC_Handler                   
0000070f  SysTick_Handler               
0000070f  TIMA0_IRQHandler              
0000070f  TIMA1_IRQHandler              
0000070f  TIMG12_IRQHandler             
0000070f  TIMG6_IRQHandler              
0000070f  TIMG7_IRQHandler              
0000070f  TIMG8_IRQHandler              
0000070f  UART0_IRQHandler              
0000070f  UART1_IRQHandler              
0000070f  UART2_IRQHandler              
0000070f  UART3_IRQHandler              
00000711  InitializeTimerG0             
00000761  SendSPIMessage                
000007b1  srand                         
000007f9  InitializeButtonGPIO          
00000839  rand                          
00000875  __TI_auto_init_nobinit_nopinit
000008b1  _c_int00_noargs               
000008d9  EnableTimerG0                 
000008f5  SetBuzzerState                
0000090d  TIMG0_IRQHandler              
00000925  __TI_zero_init_nomemset       
0000093b  TI_memcpy_small               
0000094d  DisableBuzzer                 
0000095d  EnableBuzzer                  
0000096d  SetBuzzerPeriod               
0000097d  SetTimerG0Delay               
00000989  delay_cycles                  
00000993  InitAnimation                 
0000099b  __aeabi_idiv0                 
0000099d  __aeabi_memcpy                
0000099d  __aeabi_memcpy4               
0000099d  __aeabi_memcpy8               
000009a5  abort                         
000009aa  C$$EXIT                       
000009ab  HOSTexit                      
000009af  Reset_Handler                 
000009b3  _system_pre_init              
000009b8  boot_animation                
00000a18  led_single                    
00000a78  win_animation                 
00000ac0  lose_animation                
00000ae4  leds_all_on                   
00000afc  leds_off                      
00000b14  leds_pair_01                  
00000b2c  leds_pair_02                  
00000b44  leds_pair_13                  
00000b5c  leds_pair_23                  
00000b8c  boot_animation_length         
00000b90  lose_animation_length         
00000b94  win_animation_length          
00000ba0  __TI_Handler_Table_Base       
00000ba4  __TI_CINIT_Base               
00000ba4  __TI_Handler_Table_Limit      
00000bac  __TI_CINIT_Limit              
00000bac  __TI_CINIT_Warm               
20200000  __start___llvm_prf_bits       
20200000  __start___llvm_prf_cnts       
20200000  __stop___llvm_prf_bits        
20200000  __stop___llvm_prf_cnts        
20200000  spi_message                   
20200004  spi_message_idx               
20200008  spi_message_len               
2020000c  lfsr                          
2020000e  spi_transmission_in_progress  
2020000f  spi_wakeup                    
20200010  timer_wakeup                  
20207e00  __stack                       
20208000  __STACK_END                   
ffffffff  __TI_pprof_out_hndl           
ffffffff  __TI_prof_data_size           
ffffffff  __TI_prof_data_start          
ffffffff  __binit__                     
ffffffff  binit                         
UNDEFED   __mpu_init                    
UNDEFED   _system_post_cinit            

[112 symbols]
