******************************************************************************
            TI ARM Clang Linker Unix v4.0.4                    
******************************************************************************
>> Linked Wed Apr 15 11:27:01 2026

OUTPUT FILE NAME:   <Simon copy.out>
ENTRY POINT SYMBOL: "_c_int00_noargs"  address: 00000e29


MEMORY CONFIGURATION

         name            origin    length      used     unused   attr    fill
----------------------  --------  ---------  --------  --------  ----  --------
  FLASH                 00000000   00020000  000013a0  0001ec60  R  X
  SRAM                  20200000   00008000  00000221  00007ddf  RW X
  BCR_CONFIG            41c00000   00000080  00000000  00000080  R   
  BSL_CONFIG            41c00100   00000080  00000000  00000080  R   


SEGMENT ALLOCATION MAP

run origin  load origin   length   init length attrs members
----------  ----------- ---------- ----------- ----- -------
00000000    00000000    000013a0   000013a0    r-x
  00000000    00000000    000000c0   000000c0    r-- .intvecs
  000000c0    000000c0    00000e88   00000e88    r-x .text
  00000f48    00000f48    00000428   00000428    r-- .rodata
  00001370    00001370    00000030   00000030    r-- .cinit
20200000    20200000    00000024   00000000    rw-
  20200000    20200000    00000011   00000000    rw- .bss
  20200014    20200014    00000010   00000000    rw- .data
20207e00    20207e00    00000200   00000000    rw-
  20207e00    20207e00    00000200   00000000    rw- .stack


SECTION ALLOCATION MAP

 output                                  attributes/
section   page    origin      length       input sections
--------  ----  ----------  ----------   ----------------
.intvecs   0    00000000    000000c0     
                  00000000    000000c0     startup_mspm0g350x_ticlang.o (.intvecs)

.text      0    000000c0    00000e88     
                  000000c0    00000820     state_machine_logic.o (.text.GetNextState)
                  000008e0    00000164     simon.o (.text.main)
                  00000a44    00000088     buzzer.o (.text.InitializeBuzzer)
                  00000acc    00000084     leds.o (.text.InitializeLEDInterface)
                  00000b50    0000007c     libc.a : copy_decompress_lzss.c.obj (.text:decompress:lzss)
                  00000bcc    00000064     leds.o (.text.SPI0_IRQHandler)
                  00000c30    00000056     libclang_rt.builtins.a : aeabi_idivmod.S.obj (.text.__aeabi_idivmod)
                  00000c86    00000002     startup_mspm0g350x_ticlang.o (.text.Default_Handler)
                  00000c88    00000050     timing.o (.text.InitializeTimerG0)
                  00000cd8    00000050     leds.o (.text.SendSPIMessage)
                  00000d28    00000048     radom.o (.text.srand)
                  00000d70    00000040     buttons.o (.text.InitializeButtonGPIO)
                  00000db0    0000003c     radom.o (.text.rand)
                  00000dec    0000003c     libc.a : autoinit.c.obj (.text:__TI_auto_init_nobinit_nopinit)
                  00000e28    00000028            : boot_cortex_m.c.obj (.text:_c_int00_noargs)
                  00000e50    0000001c     timing.o (.text.EnableTimerG0)
                  00000e6c    00000018     state_machine_logic.o (.text.SetBuzzerState)
                  00000e84    00000018     timing.o (.text.TIMG0_IRQHandler)
                  00000e9c    00000016     libc.a : copy_zero_init.c.obj (.text:decompress:ZI:__TI_zero_init_nomemset)
                  00000eb2    00000012            : memcpy16.S.obj (.text:TI_memcpy_small)
                  00000ec4    00000012            : copy_decompress_none.c.obj (.text:decompress:none)
                  00000ed6    00000002     libclang_rt.builtins.a : aeabi_div0.c.obj (.text.__aeabi_idiv0)
                  00000ed8    00000010     buzzer.o (.text.DisableBuzzer)
                  00000ee8    00000010     buzzer.o (.text.EnableBuzzer)
                  00000ef8    00000010     buzzer.o (.text.SetBuzzerPeriod)
                  00000f08    0000000c     timing.o (.text.SetTimerG0Delay)
                  00000f14    0000000a     delay.o (.text.delay_cycles)
                  00000f1e    00000008     state_machine_logic.o (.text.InitAnimation)
                  00000f26    00000002     --HOLE-- [fill = 0]
                  00000f28    00000008     libclang_rt.builtins.a : aeabi_memcpy.S.obj (.text.__aeabi_memcpy)
                  00000f30    00000006     libc.a : exit.c.obj (.text:abort)
                  00000f36    00000004     libsysbm.a : hostexit.c.obj (.text.HOSTexit)
                  00000f3a    00000004     startup_mspm0g350x_ticlang.o (.text.Reset_Handler)
                  00000f3e    00000004     libc.a : pre_init.c.obj (.text._system_pre_init)
                  00000f42    00000006     --HOLE-- [fill = 0]

.cinit     0    00001370    00000030     
                  00001370    0000000c     (__TI_handler_table)
                  0000137c    00000008     (.cinit..bss.load) [load image, compression = zero_init]
                  00001384    00000007     (.cinit..data.load) [load image, compression = lzss]
                  0000138b    00000001     --HOLE-- [fill = 0]
                  0000138c    00000010     (__TI_cinit_table)
                  0000139c    00000004     --HOLE-- [fill = 0]

.rodata    0    00000f48    00000428     
                  00000f48    00000060     music.o (.rodata.boot_animation)
                  00000fa8    00000060     colors.o (.rodata.led_single)
                  00001008    00000060     colors.o (.rodata.leds_difficulty)
                  00001068    00000060     colors.o (.rodata.leds_progress)
                  000010c8    00000048     music.o (.rodata.record_animation)
                  00001110    00000048     music.o (.rodata.win_animation)
                  00001158    00000040     state_machine_logic.o (.rodata.combo_led_lookup)
                  00001198    00000024     music.o (.rodata.lose_animation)
                  000011bc    00000020     state_machine_logic.o (.rodata.difficulty_table)
                  000011dc    00000018     colors.o (.rodata.leds_all_cyan)
                  000011f4    00000018     colors.o (.rodata.leds_all_on)
                  0000120c    00000018     colors.o (.rodata.leds_all_purple)
                  00001224    00000018     colors.o (.rodata.leds_all_white)
                  0000123c    00000018     colors.o (.rodata.leds_off)
                  00001254    00000018     colors.o (.rodata.leds_pair_01)
                  0000126c    00000018     colors.o (.rodata.leds_pair_02)
                  00001284    00000018     colors.o (.rodata.leds_pair_03)
                  0000129c    00000018     colors.o (.rodata.leds_pair_12)
                  000012b4    00000018     colors.o (.rodata.leds_pair_13)
                  000012cc    00000018     colors.o (.rodata.leds_pair_23)
                  000012e4    00000018     colors.o (.rodata.leds_triple_012)
                  000012fc    00000018     colors.o (.rodata.leds_triple_013)
                  00001314    00000018     colors.o (.rodata.leds_triple_023)
                  0000132c    00000018     colors.o (.rodata.leds_triple_123)
                  00001344    00000010     state_machine_logic.o (.rodata.cst16)
                  00001354    00000008     state_machine_logic.o (.rodata.cst8)
                  0000135c    00000004     music.o (.rodata.boot_animation_length)
                  00001360    00000004     music.o (.rodata.lose_animation_length)
                  00001364    00000004     music.o (.rodata.record_animation_length)
                  00001368    00000004     music.o (.rodata.win_animation_length)
                  0000136c    00000004     --HOLE-- [fill = 0]

.init_array 
*          0    00000000    00000000     UNINITIALIZED

.binit     0    00000000    00000000     

.bss       0    20200000    00000011     UNINITIALIZED
                  20200000    00000004     (.common:spi_message)
                  20200004    00000004     (.common:spi_message_idx)
                  20200008    00000004     (.common:spi_message_len)
                  2020000c    00000002     (.common:lfsr)
                  2020000e    00000001     (.common:spi_transmission_in_progress)
                  2020000f    00000001     (.common:spi_wakeup)
                  20200010    00000001     (.common:timer_wakeup)

.data      0    20200014    00000010     UNINITIALIZED
                  20200014    00000010     state_machine_logic.o (.data.best_time)

.stack     0    20207e00    00000200     UNINITIALIZED
                  20207e00    00000004     libc.a : boot_cortex_m.c.obj (.stack)
                  20207e04    000001fc     --HOLE--

__llvm_prf_cnts 
*          0    20200000    00000000     UNINITIALIZED

__llvm_prf_bits 
*          0    20200000    00000000     UNINITIALIZED

MODULE SUMMARY

       Module                         code   ro data   rw data
       ------                         ----   -------   -------
    ./
       state_machine_logic.o          2112   120       16     
       colors.o                       0      648       0      
       simon.o                        356    0         0      
       leds.o                         312    0         14     
       music.o                        0      292       0      
       startup_mspm0g350x_ticlang.o   6      192       0      
       buzzer.o                       184    0         0      
       timing.o                       144    0         1      
       radom.o                        132    0         2      
       buttons.o                      64     0         0      
       delay.o                        10     0         0      
    +--+------------------------------+------+---------+---------+
       Total:                         3320   1252      33     
                                                              
    /Applications/ti/ccs2040/ccs/tools/compiler/ti-cgt-armllvm_4.0.4.LTS/lib/armv6m-ti-none-eabi/c/libc.a
       copy_decompress_lzss.c.obj     124    0         0      
       autoinit.c.obj                 60     0         0      
       boot_cortex_m.c.obj            40     0         0      
       copy_zero_init.c.obj           22     0         0      
       copy_decompress_none.c.obj     18     0         0      
       memcpy16.S.obj                 18     0         0      
       exit.c.obj                     6      0         0      
       pre_init.c.obj                 4      0         0      
    +--+------------------------------+------+---------+---------+
       Total:                         292    0         0      
                                                              
    /Applications/ti/ccs2040/ccs/tools/compiler/ti-cgt-armllvm_4.0.4.LTS/lib/armv6m-ti-none-eabi/c/libsysbm.a
       hostexit.c.obj                 4      0         0      
    +--+------------------------------+------+---------+---------+
       Total:                         4      0         0      
                                                              
    /Applications/ti/ccs2040/ccs/tools/compiler/ti-cgt-armllvm_4.0.4.LTS/lib/armv6m-ti-none-eabi/libclang_rt.builtins.a
       aeabi_idivmod.S.obj            86     0         0      
       aeabi_memcpy.S.obj             8      0         0      
       aeabi_div0.c.obj               2      0         0      
    +--+------------------------------+------+---------+---------+
       Total:                         96     0         0      
                                                              
       Stack:                         0      0         512    
       Linker Generated:              0      43        0      
    +--+------------------------------+------+---------+---------+
       Grand Total:                   3712   1295      545    


LINKER GENERATED COPY TABLES

__TI_cinit_table @ 0000138c records: 2, size/record: 8, table size: 16
	.bss: load addr=0000137c, load size=00000008 bytes, run addr=20200000, run size=00000011 bytes, compression=zero_init
	.data: load addr=00001384, load size=00000007 bytes, run addr=20200014, run size=00000010 bytes, compression=lzss


LINKER GENERATED HANDLER TABLE

__TI_handler_table @ 00001370 records: 3, size/record: 4, table size: 12
	index: 0, handler: __TI_decompress_lzss
	index: 1, handler: __TI_decompress_none
	index: 2, handler: __TI_zero_init


GLOBAL SYMBOLS: SORTED ALPHABETICALLY BY Name 

address   name                          
-------   ----                          
00000c87  ADC0_IRQHandler               
00000c87  ADC1_IRQHandler               
00000c87  AES_IRQHandler                
00000f36  C$$EXIT                       
00000c87  CANFD0_IRQHandler             
00000c87  DAC0_IRQHandler               
00000c87  DMA_IRQHandler                
00000c87  Default_Handler               
00000ed9  DisableBuzzer                 
00000ee9  EnableBuzzer                  
00000e51  EnableTimerG0                 
00000c87  GROUP0_IRQHandler             
00000c87  GROUP1_IRQHandler             
000000c1  GetNextState                  
00000f37  HOSTexit                      
00000c87  HardFault_Handler             
00000c87  I2C0_IRQHandler               
00000c87  I2C1_IRQHandler               
00000f1f  InitAnimation                 
00000d71  InitializeButtonGPIO          
00000a45  InitializeBuzzer              
00000acd  InitializeLEDInterface        
00000c89  InitializeTimerG0             
00000c87  NMI_Handler                   
00000c87  PendSV_Handler                
00000c87  RTC_IRQHandler                
00000f3b  Reset_Handler                 
00000bcd  SPI0_IRQHandler               
00000c87  SPI1_IRQHandler               
00000c87  SVC_Handler                   
00000cd9  SendSPIMessage                
00000ef9  SetBuzzerPeriod               
00000e6d  SetBuzzerState                
00000f09  SetTimerG0Delay               
00000c87  SysTick_Handler               
00000c87  TIMA0_IRQHandler              
00000c87  TIMA1_IRQHandler              
00000e85  TIMG0_IRQHandler              
00000c87  TIMG12_IRQHandler             
00000c87  TIMG6_IRQHandler              
00000c87  TIMG7_IRQHandler              
00000c87  TIMG8_IRQHandler              
00000eb3  TI_memcpy_small               
00000c87  UART0_IRQHandler              
00000c87  UART1_IRQHandler              
00000c87  UART2_IRQHandler              
00000c87  UART3_IRQHandler              
20208000  __STACK_END                   
00000200  __STACK_SIZE                  
00000000  __TI_ATRegion0_region_sz      
00000000  __TI_ATRegion0_src_addr       
00000000  __TI_ATRegion0_trg_addr       
00000000  __TI_ATRegion1_region_sz      
00000000  __TI_ATRegion1_src_addr       
00000000  __TI_ATRegion1_trg_addr       
00000000  __TI_ATRegion2_region_sz      
00000000  __TI_ATRegion2_src_addr       
00000000  __TI_ATRegion2_trg_addr       
0000138c  __TI_CINIT_Base               
0000139c  __TI_CINIT_Limit              
0000139c  __TI_CINIT_Warm               
00001370  __TI_Handler_Table_Base       
0000137c  __TI_Handler_Table_Limit      
00000ded  __TI_auto_init_nobinit_nopinit
00000b51  __TI_decompress_lzss          
00000ec5  __TI_decompress_none          
ffffffff  __TI_pprof_out_hndl           
ffffffff  __TI_prof_data_size           
ffffffff  __TI_prof_data_start          
00000000  __TI_static_base__            
00000e9d  __TI_zero_init_nomemset       
00000c31  __aeabi_idiv                  
00000ed7  __aeabi_idiv0                 
00000c31  __aeabi_idivmod               
00000f29  __aeabi_memcpy                
00000f29  __aeabi_memcpy4               
00000f29  __aeabi_memcpy8               
ffffffff  __binit__                     
UNDEFED   __mpu_init                    
20207e00  __stack                       
20200000  __start___llvm_prf_bits       
20200000  __start___llvm_prf_cnts       
20200000  __stop___llvm_prf_bits        
20200000  __stop___llvm_prf_cnts        
00000e29  _c_int00_noargs               
UNDEFED   _system_post_cinit            
00000f3f  _system_pre_init              
00000f31  abort                         
ffffffff  binit                         
00000f48  boot_animation                
0000135c  boot_animation_length         
00000f15  delay_cycles                  
000011bc  difficulty_table              
00000000  interruptVectors              
00000fa8  led_single                    
000011dc  leds_all_cyan                 
000011f4  leds_all_on                   
0000120c  leds_all_purple               
00001224  leds_all_white                
00001008  leds_difficulty               
0000123c  leds_off                      
00001254  leds_pair_01                  
0000126c  leds_pair_02                  
00001284  leds_pair_03                  
0000129c  leds_pair_12                  
000012b4  leds_pair_13                  
000012cc  leds_pair_23                  
00001068  leds_progress                 
000012e4  leds_triple_012               
000012fc  leds_triple_013               
00001314  leds_triple_023               
0000132c  leds_triple_123               
2020000c  lfsr                          
00001198  lose_animation                
00001360  lose_animation_length         
000008e1  main                          
00000db1  rand                          
000010c8  record_animation              
00001364  record_animation_length       
20200000  spi_message                   
20200004  spi_message_idx               
20200008  spi_message_len               
2020000e  spi_transmission_in_progress  
2020000f  spi_wakeup                    
00000d29  srand                         
20200010  timer_wakeup                  
00001110  win_animation                 
00001368  win_animation_length          


GLOBAL SYMBOLS: SORTED BY Symbol Address 

address   name                          
-------   ----                          
00000000  __TI_ATRegion0_region_sz      
00000000  __TI_ATRegion0_src_addr       
00000000  __TI_ATRegion0_trg_addr       
00000000  __TI_ATRegion1_region_sz      
00000000  __TI_ATRegion1_src_addr       
00000000  __TI_ATRegion1_trg_addr       
00000000  __TI_ATRegion2_region_sz      
00000000  __TI_ATRegion2_src_addr       
00000000  __TI_ATRegion2_trg_addr       
00000000  __TI_static_base__            
00000000  interruptVectors              
000000c1  GetNextState                  
00000200  __STACK_SIZE                  
000008e1  main                          
00000a45  InitializeBuzzer              
00000acd  InitializeLEDInterface        
00000b51  __TI_decompress_lzss          
00000bcd  SPI0_IRQHandler               
00000c31  __aeabi_idiv                  
00000c31  __aeabi_idivmod               
00000c87  ADC0_IRQHandler               
00000c87  ADC1_IRQHandler               
00000c87  AES_IRQHandler                
00000c87  CANFD0_IRQHandler             
00000c87  DAC0_IRQHandler               
00000c87  DMA_IRQHandler                
00000c87  Default_Handler               
00000c87  GROUP0_IRQHandler             
00000c87  GROUP1_IRQHandler             
00000c87  HardFault_Handler             
00000c87  I2C0_IRQHandler               
00000c87  I2C1_IRQHandler               
00000c87  NMI_Handler                   
00000c87  PendSV_Handler                
00000c87  RTC_IRQHandler                
00000c87  SPI1_IRQHandler               
00000c87  SVC_Handler                   
00000c87  SysTick_Handler               
00000c87  TIMA0_IRQHandler              
00000c87  TIMA1_IRQHandler              
00000c87  TIMG12_IRQHandler             
00000c87  TIMG6_IRQHandler              
00000c87  TIMG7_IRQHandler              
00000c87  TIMG8_IRQHandler              
00000c87  UART0_IRQHandler              
00000c87  UART1_IRQHandler              
00000c87  UART2_IRQHandler              
00000c87  UART3_IRQHandler              
00000c89  InitializeTimerG0             
00000cd9  SendSPIMessage                
00000d29  srand                         
00000d71  InitializeButtonGPIO          
00000db1  rand                          
00000ded  __TI_auto_init_nobinit_nopinit
00000e29  _c_int00_noargs               
00000e51  EnableTimerG0                 
00000e6d  SetBuzzerState                
00000e85  TIMG0_IRQHandler              
00000e9d  __TI_zero_init_nomemset       
00000eb3  TI_memcpy_small               
00000ec5  __TI_decompress_none          
00000ed7  __aeabi_idiv0                 
00000ed9  DisableBuzzer                 
00000ee9  EnableBuzzer                  
00000ef9  SetBuzzerPeriod               
00000f09  SetTimerG0Delay               
00000f15  delay_cycles                  
00000f1f  InitAnimation                 
00000f29  __aeabi_memcpy                
00000f29  __aeabi_memcpy4               
00000f29  __aeabi_memcpy8               
00000f31  abort                         
00000f36  C$$EXIT                       
00000f37  HOSTexit                      
00000f3b  Reset_Handler                 
00000f3f  _system_pre_init              
00000f48  boot_animation                
00000fa8  led_single                    
00001008  leds_difficulty               
00001068  leds_progress                 
000010c8  record_animation              
00001110  win_animation                 
00001198  lose_animation                
000011bc  difficulty_table              
000011dc  leds_all_cyan                 
000011f4  leds_all_on                   
0000120c  leds_all_purple               
00001224  leds_all_white                
0000123c  leds_off                      
00001254  leds_pair_01                  
0000126c  leds_pair_02                  
00001284  leds_pair_03                  
0000129c  leds_pair_12                  
000012b4  leds_pair_13                  
000012cc  leds_pair_23                  
000012e4  leds_triple_012               
000012fc  leds_triple_013               
00001314  leds_triple_023               
0000132c  leds_triple_123               
0000135c  boot_animation_length         
00001360  lose_animation_length         
00001364  record_animation_length       
00001368  win_animation_length          
00001370  __TI_Handler_Table_Base       
0000137c  __TI_Handler_Table_Limit      
0000138c  __TI_CINIT_Base               
0000139c  __TI_CINIT_Limit              
0000139c  __TI_CINIT_Warm               
20200000  __start___llvm_prf_bits       
20200000  __start___llvm_prf_cnts       
20200000  __stop___llvm_prf_bits        
20200000  __stop___llvm_prf_cnts        
20200000  spi_message                   
20200004  spi_message_idx               
20200008  spi_message_len               
2020000c  lfsr                          
2020000e  spi_transmission_in_progress  
2020000f  spi_wakeup                    
20200010  timer_wakeup                  
20207e00  __stack                       
20208000  __STACK_END                   
ffffffff  __TI_pprof_out_hndl           
ffffffff  __TI_prof_data_size           
ffffffff  __TI_prof_data_start          
ffffffff  __binit__                     
ffffffff  binit                         
UNDEFED   __mpu_init                    
UNDEFED   _system_post_cinit            

[128 symbols]
