******************************************************************************
            TI ARM Clang Linker Unix v4.0.4                    
******************************************************************************
>> Linked Wed Apr 15 11:26:58 2026

OUTPUT FILE NAME:   <Lab6.out>
ENTRY POINT SYMBOL: "_c_int00_noargs"  address: 000006a1


MEMORY CONFIGURATION

         name            origin    length      used     unused   attr    fill
----------------------  --------  ---------  --------  --------  ----  --------
  FLASH                 00000000   00020000  00000870  0001f790  R  X
  SRAM                  20200000   00008000  000002d3  00007d2d  RW X
  BCR_CONFIG            41c00000   00000080  00000000  00000080  R   
  BSL_CONFIG            41c00100   00000080  00000000  00000080  R   


SEGMENT ALLOCATION MAP

run origin  load origin   length   init length attrs members
----------  ----------- ---------- ----------- ----- -------
00000000    00000000    00000870   00000870    r-x
  00000000    00000000    000000c0   000000c0    r-- .intvecs
  000000c0    000000c0    000006e0   000006e0    r-x .text
  000007a0    000007a0    00000068   00000068    r-- .rodata
  00000808    00000808    00000068   00000068    r-- .cinit
20200000    20200000    000000d3   00000000    rw-
  20200000    20200000    000000c4   00000000    rw- .data
  202000c4    202000c4    0000000f   00000000    rw- .bss
20207e00    20207e00    00000200   00000000    rw-
  20207e00    20207e00    00000200   00000000    rw- .stack


SECTION ALLOCATION MAP

 output                                  attributes/
section   page    origin      length       input sections
--------  ----  ----------  ----------   ----------------
.intvecs   0    00000000    000000c0     
                  00000000    000000c0     startup_mspm0g350x_ticlang.o (.intvecs)

.text      0    000000c0    000006e0     
                  000000c0    00000218     state_machine.o (.text.TickStateMachine)
                  000002d8    00000090     lab6.o (.text.main)
                  00000368    00000088     buzzer.o (.text.InitializeBuzzer)
                  000003f0    00000084     leds.o (.text.InitializeLEDInterface)
                  00000474    0000007c     libc.a : copy_decompress_lzss.c.obj (.text:decompress:lzss)
                  000004f0    00000064     leds.o (.text.SPI0_IRQHandler)
                  00000554    00000050     timing.o (.text.InitializeTimerG0)
                  000005a4    00000050     leds.o (.text.SendSPIMessage)
                  000005f4    00000040     buttons.o (.text.InitializeButtonGPIO)
                  00000634    0000003c     libc.a : autoinit.c.obj (.text:__TI_auto_init_nobinit_nopinit)
                  00000670    00000030     state_machine.o (.text.InitStateMachine)
                  000006a0    00000028     libc.a : boot_cortex_m.c.obj (.text:_c_int00_noargs)
                  000006c8    0000001c     timing.o (.text.EnableTimerG0)
                  000006e4    00000018     timing.o (.text.TIMG0_IRQHandler)
                  000006fc    00000016     libc.a : copy_zero_init.c.obj (.text:decompress:ZI:__TI_zero_init_nomemset)
                  00000712    00000012            : memcpy16.S.obj (.text:TI_memcpy_small)
                  00000724    00000012            : copy_decompress_none.c.obj (.text:decompress:none)
                  00000736    00000002     startup_mspm0g350x_ticlang.o (.text.Default_Handler)
                  00000738    00000010     buzzer.o (.text.DisableBuzzer)
                  00000748    00000010     buzzer.o (.text.EnableBuzzer)
                  00000758    00000010     buzzer.o (.text.SetBuzzerPeriod)
                  00000768    0000000c     timing.o (.text.SetTimerG0Delay)
                  00000774    0000000a     delay.o (.text.delay_cycles)
                  0000077e    00000002     --HOLE-- [fill = 0]
                  00000780    00000008     libclang_rt.builtins.a : aeabi_memcpy.S.obj (.text.__aeabi_memcpy)
                  00000788    00000006     libc.a : exit.c.obj (.text:abort)
                  0000078e    00000004     libsysbm.a : hostexit.c.obj (.text.HOSTexit)
                  00000792    00000004     startup_mspm0g350x_ticlang.o (.text.Reset_Handler)
                  00000796    00000004     libc.a : pre_init.c.obj (.text._system_pre_init)
                  0000079a    00000006     --HOLE-- [fill = 0]

.cinit     0    00000808    00000068     
                  00000808    00000044     (.cinit..data.load) [load image, compression = lzss]
                  0000084c    0000000c     (__TI_handler_table)
                  00000858    00000008     (.cinit..bss.load) [load image, compression = zero_init]
                  00000860    00000010     (__TI_cinit_table)

.rodata    0    000007a0    00000068     
                  000007a0    00000068     state_machine.o (.rodata.song)

.init_array 
*          0    00000000    00000000     UNINITIALIZED

.binit     0    00000000    00000000     

.data      0    20200000    000000c4     UNINITIALIZED
                  20200000    00000018     state_machine.o (.data.pkt_c6)
                  20200018    00000018     state_machine.o (.data.pkt_d6)
                  20200030    00000018     state_machine.o (.data.pkt_e6)
                  20200048    00000018     state_machine.o (.data.pkt_off)
                  20200060    00000018     state_machine.o (.data.pkt_sw1)
                  20200078    00000018     state_machine.o (.data.pkt_sw2)
                  20200090    00000018     state_machine.o (.data.pkt_sw3)
                  202000a8    00000018     state_machine.o (.data.pkt_sw4)
                  202000c0    00000004     state_machine.o (.data.current_led_packet)

.bss       0    202000c4    0000000f     UNINITIALIZED
                  202000c4    00000004     (.common:spi_message)
                  202000c8    00000004     (.common:spi_message_idx)
                  202000cc    00000004     (.common:spi_message_len)
                  202000d0    00000001     (.common:spi_transmission_in_progress)
                  202000d1    00000001     (.common:spi_wakeup)
                  202000d2    00000001     (.common:timer_wakeup)

.stack     0    20207e00    00000200     UNINITIALIZED
                  20207e00    00000004     libc.a : boot_cortex_m.c.obj (.stack)
                  20207e04    000001fc     --HOLE--

__llvm_prf_cnts 
*          0    20200000    00000000     UNINITIALIZED

__llvm_prf_bits 
*          0    20200000    00000000     UNINITIALIZED

MODULE SUMMARY

       Module                         code   ro data   rw data
       ------                         ----   -------   -------
    ./
       state_machine.o                584    104       196    
       leds.o                         312    0         14     
       startup_mspm0g350x_ticlang.o   6      192       0      
       buzzer.o                       184    0         0      
       timing.o                       144    0         1      
       lab6.o                         144    0         0      
       buttons.o                      64     0         0      
       delay.o                        10     0         0      
    +--+------------------------------+------+---------+---------+
       Total:                         1448   296       211    
                                                              
    /Applications/ti/ccs2040/ccs/tools/compiler/ti-cgt-armllvm_4.0.4.LTS/lib/armv6m-ti-none-eabi/c/libc.a
       copy_decompress_lzss.c.obj     124    0         0      
       autoinit.c.obj                 60     0         0      
       boot_cortex_m.c.obj            40     0         0      
       copy_zero_init.c.obj           22     0         0      
       copy_decompress_none.c.obj     18     0         0      
       memcpy16.S.obj                 18     0         0      
       exit.c.obj                     6      0         0      
       pre_init.c.obj                 4      0         0      
    +--+------------------------------+------+---------+---------+
       Total:                         292    0         0      
                                                              
    /Applications/ti/ccs2040/ccs/tools/compiler/ti-cgt-armllvm_4.0.4.LTS/lib/armv6m-ti-none-eabi/c/libsysbm.a
       hostexit.c.obj                 4      0         0      
    +--+------------------------------+------+---------+---------+
       Total:                         4      0         0      
                                                              
    /Applications/ti/ccs2040/ccs/tools/compiler/ti-cgt-armllvm_4.0.4.LTS/lib/armv6m-ti-none-eabi/libclang_rt.builtins.a
       aeabi_memcpy.S.obj             8      0         0      
    +--+------------------------------+------+---------+---------+
       Total:                         8      0         0      
                                                              
       Stack:                         0      0         512    
       Linker Generated:              0      104       0      
    +--+------------------------------+------+---------+---------+
       Grand Total:                   1752   400       723    


LINKER GENERATED COPY TABLES

__TI_cinit_table @ 00000860 records: 2, size/record: 8, table size: 16
	.data: load addr=00000808, load size=00000044 bytes, run addr=20200000, run size=000000c4 bytes, compression=lzss
	.bss: load addr=00000858, load size=00000008 bytes, run addr=202000c4, run size=0000000f bytes, compression=zero_init


LINKER GENERATED HANDLER TABLE

__TI_handler_table @ 0000084c records: 3, size/record: 4, table size: 12
	index: 0, handler: __TI_decompress_lzss
	index: 1, handler: __TI_decompress_none
	index: 2, handler: __TI_zero_init


GLOBAL SYMBOLS: SORTED ALPHABETICALLY BY Name 

address   name                          
-------   ----                          
00000737  ADC0_IRQHandler               
00000737  ADC1_IRQHandler               
00000737  AES_IRQHandler                
0000078e  C$$EXIT                       
00000737  CANFD0_IRQHandler             
00000737  DAC0_IRQHandler               
00000737  DMA_IRQHandler                
00000737  Default_Handler               
00000739  DisableBuzzer                 
00000749  EnableBuzzer                  
000006c9  EnableTimerG0                 
00000737  GROUP0_IRQHandler             
00000737  GROUP1_IRQHandler             
0000078f  HOSTexit                      
00000737  HardFault_Handler             
00000737  I2C0_IRQHandler               
00000737  I2C1_IRQHandler               
00000671  InitStateMachine              
000005f5  InitializeButtonGPIO          
00000369  InitializeBuzzer              
000003f1  InitializeLEDInterface        
00000555  InitializeTimerG0             
00000737  NMI_Handler                   
00000737  PendSV_Handler                
00000737  RTC_IRQHandler                
00000793  Reset_Handler                 
000004f1  SPI0_IRQHandler               
00000737  SPI1_IRQHandler               
00000737  SVC_Handler                   
000005a5  SendSPIMessage                
00000759  SetBuzzerPeriod               
00000769  SetTimerG0Delay               
00000737  SysTick_Handler               
00000737  TIMA0_IRQHandler              
00000737  TIMA1_IRQHandler              
000006e5  TIMG0_IRQHandler              
00000737  TIMG12_IRQHandler             
00000737  TIMG6_IRQHandler              
00000737  TIMG7_IRQHandler              
00000737  TIMG8_IRQHandler              
00000713  TI_memcpy_small               
000000c1  TickStateMachine              
00000737  UART0_IRQHandler              
00000737  UART1_IRQHandler              
00000737  UART2_IRQHandler              
00000737  UART3_IRQHandler              
20208000  __STACK_END                   
00000200  __STACK_SIZE                  
00000000  __TI_ATRegion0_region_sz      
00000000  __TI_ATRegion0_src_addr       
00000000  __TI_ATRegion0_trg_addr       
00000000  __TI_ATRegion1_region_sz      
00000000  __TI_ATRegion1_src_addr       
00000000  __TI_ATRegion1_trg_addr       
00000000  __TI_ATRegion2_region_sz      
00000000  __TI_ATRegion2_src_addr       
00000000  __TI_ATRegion2_trg_addr       
00000860  __TI_CINIT_Base               
00000870  __TI_CINIT_Limit              
00000870  __TI_CINIT_Warm               
0000084c  __TI_Handler_Table_Base       
00000858  __TI_Handler_Table_Limit      
00000635  __TI_auto_init_nobinit_nopinit
00000475  __TI_decompress_lzss          
00000725  __TI_decompress_none          
ffffffff  __TI_pprof_out_hndl           
ffffffff  __TI_prof_data_size           
ffffffff  __TI_prof_data_start          
00000000  __TI_static_base__            
000006fd  __TI_zero_init_nomemset       
00000781  __aeabi_memcpy                
00000781  __aeabi_memcpy4               
00000781  __aeabi_memcpy8               
ffffffff  __binit__                     
UNDEFED   __mpu_init                    
20207e00  __stack                       
20200000  __start___llvm_prf_bits       
20200000  __start___llvm_prf_cnts       
20200000  __stop___llvm_prf_bits        
20200000  __stop___llvm_prf_cnts        
000006a1  _c_int00_noargs               
UNDEFED   _system_post_cinit            
00000797  _system_pre_init              
00000789  abort                         
ffffffff  binit                         
202000c0  current_led_packet            
00000775  delay_cycles                  
00000000  interruptVectors              
000002d9  main                          
202000c4  spi_message                   
202000c8  spi_message_idx               
202000cc  spi_message_len               
202000d0  spi_transmission_in_progress  
202000d1  spi_wakeup                    
202000d2  timer_wakeup                  


GLOBAL SYMBOLS: SORTED BY Symbol Address 

address   name                          
-------   ----                          
00000000  __TI_ATRegion0_region_sz      
00000000  __TI_ATRegion0_src_addr       
00000000  __TI_ATRegion0_trg_addr       
00000000  __TI_ATRegion1_region_sz      
00000000  __TI_ATRegion1_src_addr       
00000000  __TI_ATRegion1_trg_addr       
00000000  __TI_ATRegion2_region_sz      
00000000  __TI_ATRegion2_src_addr       
00000000  __TI_ATRegion2_trg_addr       
00000000  __TI_static_base__            
00000000  interruptVectors              
000000c1  TickStateMachine              
00000200  __STACK_SIZE                  
000002d9  main                          
00000369  InitializeBuzzer              
000003f1  InitializeLEDInterface        
00000475  __TI_decompress_lzss          
000004f1  SPI0_IRQHandler               
00000555  InitializeTimerG0             
000005a5  SendSPIMessage                
000005f5  InitializeButtonGPIO          
00000635  __TI_auto_init_nobinit_nopinit
00000671  InitStateMachine              
000006a1  _c_int00_noargs               
000006c9  EnableTimerG0                 
000006e5  TIMG0_IRQHandler              
000006fd  __TI_zero_init_nomemset       
00000713  TI_memcpy_small               
00000725  __TI_decompress_none          
00000737  ADC0_IRQHandler               
00000737  ADC1_IRQHandler               
00000737  AES_IRQHandler                
00000737  CANFD0_IRQHandler             
00000737  DAC0_IRQHandler               
00000737  DMA_IRQHandler                
00000737  Default_Handler               
00000737  GROUP0_IRQHandler             
00000737  GROUP1_IRQHandler             
00000737  HardFault_Handler             
00000737  I2C0_IRQHandler               
00000737  I2C1_IRQHandler               
00000737  NMI_Handler                   
00000737  PendSV_Handler                
00000737  RTC_IRQHandler                
00000737  SPI1_IRQHandler               
00000737  SVC_Handler                   
00000737  SysTick_Handler               
00000737  TIMA0_IRQHandler              
00000737  TIMA1_IRQHandler              
00000737  TIMG12_IRQHandler             
00000737  TIMG6_IRQHandler              
00000737  TIMG7_IRQHandler              
00000737  TIMG8_IRQHandler              
00000737  UART0_IRQHandler              
00000737  UART1_IRQHandler              
00000737  UART2_IRQHandler              
00000737  UART3_IRQHandler              
00000739  DisableBuzzer                 
00000749  EnableBuzzer                  
00000759  SetBuzzerPeriod               
00000769  SetTimerG0Delay               
00000775  delay_cycles                  
00000781  __aeabi_memcpy                
00000781  __aeabi_memcpy4               
00000781  __aeabi_memcpy8               
00000789  abort                         
0000078e  C$$EXIT                       
0000078f  HOSTexit                      
00000793  Reset_Handler                 
00000797  _system_pre_init              
0000084c  __TI_Handler_Table_Base       
00000858  __TI_Handler_Table_Limit      
00000860  __TI_CINIT_Base               
00000870  __TI_CINIT_Limit              
00000870  __TI_CINIT_Warm               
20200000  __start___llvm_prf_bits       
20200000  __start___llvm_prf_cnts       
20200000  __stop___llvm_prf_bits        
20200000  __stop___llvm_prf_cnts        
202000c0  current_led_packet            
202000c4  spi_message                   
202000c8  spi_message_idx               
202000cc  spi_message_len               
202000d0  spi_transmission_in_progress  
202000d1  spi_wakeup                    
202000d2  timer_wakeup                  
20207e00  __stack                       
20208000  __STACK_END                   
ffffffff  __TI_pprof_out_hndl           
ffffffff  __TI_prof_data_size           
ffffffff  __TI_prof_data_start          
ffffffff  __binit__                     
ffffffff  binit                         
UNDEFED   __mpu_init                    
UNDEFED   _system_post_cinit            

[95 symbols]
